Usage: C:\code\university-portfolio-draft\projects\computer-architecture\memory-allocation\memory_malloc.exe [step_bytes] [max_iterations]
If omitted, step_bytes defaults to 8388608 bytes (8 MiB).
If max_iterations is omitted or 0, the program runs until allocation fails.
[malloc] iteration=1 current=8.00 MiB tracked=8.00 MiB elapsed=0.28s
[malloc] iteration=2 current=16.00 MiB tracked=24.00 MiB elapsed=0.37s
[malloc] iteration=3 current=24.00 MiB tracked=48.00 MiB elapsed=0.48s
[malloc] iteration=4 current=32.00 MiB tracked=80.00 MiB elapsed=0.58s
[malloc] iteration=5 current=40.00 MiB tracked=120.00 MiB elapsed=0.71s
[malloc] iteration=6 current=48.00 MiB tracked=168.00 MiB elapsed=0.84s
[malloc] iteration=7 current=56.00 MiB tracked=224.00 MiB elapsed=0.97s
[malloc] iteration=8 current=64.00 MiB tracked=288.00 MiB elapsed=1.02s
[malloc] iteration=9 current=72.00 MiB tracked=360.00 MiB elapsed=1.04s
[malloc] iteration=10 current=80.00 MiB tracked=440.00 MiB elapsed=1.06s
[malloc] iteration=11 current=88.00 MiB tracked=528.00 MiB elapsed=1.08s
[malloc] iteration=12 current=96.00 MiB tracked=624.00 MiB elapsed=1.11s
[malloc] iteration=13 current=104.00 MiB tracked=728.00 MiB elapsed=1.13s
[malloc] iteration=14 current=112.00 MiB tracked=840.00 MiB elapsed=1.16s
[malloc] iteration=15 current=120.00 MiB tracked=960.00 MiB elapsed=1.19s
[malloc] iteration=16 current=128.00 MiB tracked=1.06 GiB elapsed=1.22s
[malloc] iteration=17 current=136.00 MiB tracked=1.20 GiB elapsed=1.24s
[malloc] iteration=18 current=144.00 MiB tracked=1.34 GiB elapsed=1.27s
[malloc] iteration=19 current=152.00 MiB tracked=1.48 GiB elapsed=1.30s
[malloc] iteration=20 current=160.00 MiB tracked=1.64 GiB elapsed=1.33s
[malloc] iteration=21 current=168.00 MiB tracked=1.80 GiB elapsed=1.36s
[malloc] iteration=22 current=176.00 MiB tracked=1.98 GiB elapsed=1.39s
[malloc] iteration=23 current=184.00 MiB tracked=2.16 GiB elapsed=1.43s
[malloc] iteration=24 current=192.00 MiB tracked=2.34 GiB elapsed=1.46s
[malloc] iteration=25 current=200.00 MiB tracked=2.54 GiB elapsed=1.49s
[malloc] iteration=26 current=208.00 MiB tracked=2.74 GiB elapsed=1.54s
[malloc] iteration=27 current=216.00 MiB tracked=2.95 GiB elapsed=1.58s
[malloc] iteration=28 current=224.00 MiB tracked=3.17 GiB elapsed=1.62s
[malloc] iteration=29 current=232.00 MiB tracked=3.40 GiB elapsed=1.66s
[malloc] iteration=30 current=240.00 MiB tracked=3.63 GiB elapsed=1.70s
[malloc] iteration=31 current=248.00 MiB tracked=3.88 GiB elapsed=1.74s
[malloc] iteration=32 current=256.00 MiB tracked=4.12 GiB elapsed=1.79s
[malloc] iteration=33 current=264.00 MiB tracked=4.38 GiB elapsed=1.84s
[malloc] iteration=34 current=272.00 MiB tracked=4.65 GiB elapsed=1.89s
[malloc] iteration=35 current=280.00 MiB tracked=4.92 GiB elapsed=1.94s
[malloc] iteration=36 current=288.00 MiB tracked=5.20 GiB elapsed=1.99s
[malloc] iteration=37 current=296.00 MiB tracked=5.49 GiB elapsed=2.05s
[malloc] iteration=38 current=304.00 MiB tracked=5.79 GiB elapsed=2.10s
[malloc] iteration=39 current=312.00 MiB tracked=6.09 GiB elapsed=2.15s
[malloc] iteration=40 current=320.00 MiB tracked=6.41 GiB elapsed=2.21s
[malloc] iteration=41 current=328.00 MiB tracked=6.73 GiB elapsed=2.26s
[malloc] iteration=42 current=336.00 MiB tracked=7.05 GiB elapsed=2.32s
[malloc] iteration=43 current=344.00 MiB tracked=7.39 GiB elapsed=2.37s
[malloc] iteration=44 current=352.00 MiB tracked=7.73 GiB elapsed=2.43s
[malloc] iteration=45 current=360.00 MiB tracked=8.09 GiB elapsed=2.50s
[malloc] iteration=46 current=368.00 MiB tracked=8.45 GiB elapsed=2.57s
[malloc] iteration=47 current=376.00 MiB tracked=8.81 GiB elapsed=2.64s
[malloc] iteration=48 current=384.00 MiB tracked=9.19 GiB elapsed=2.71s
[malloc] iteration=49 current=392.00 MiB tracked=9.57 GiB elapsed=2.86s
[malloc] iteration=50 current=400.00 MiB tracked=9.96 GiB elapsed=3.05s
[malloc] iteration=51 current=408.00 MiB tracked=10.36 GiB elapsed=3.61s
[malloc] iteration=52 current=416.00 MiB tracked=10.77 GiB elapsed=5.25s
[malloc] iteration=53 current=424.00 MiB tracked=11.18 GiB elapsed=5.87s
[malloc] iteration=54 current=432.00 MiB tracked=11.60 GiB elapsed=7.23s
[malloc] iteration=55 current=440.00 MiB tracked=12.03 GiB elapsed=7.92s
[malloc] iteration=56 current=448.00 MiB tracked=12.47 GiB elapsed=8.46s
[malloc] iteration=57 current=456.00 MiB tracked=12.91 GiB elapsed=8.92s
[malloc] iteration=58 current=464.00 MiB tracked=13.37 GiB elapsed=9.22s
[malloc] iteration=59 current=472.00 MiB tracked=13.83 GiB elapsed=9.70s
[malloc] iteration=60 current=480.00 MiB tracked=14.30 GiB elapsed=10.30s
[malloc] iteration=61 current=488.00 MiB tracked=14.77 GiB elapsed=10.91s
[malloc] iteration=62 current=496.00 MiB tracked=15.26 GiB elapsed=11.54s
[malloc] iteration=63 current=504.00 MiB tracked=15.75 GiB elapsed=12.33s
[malloc] iteration=64 current=512.00 MiB tracked=16.25 GiB elapsed=12.83s
[malloc] iteration=65 current=520.00 MiB tracked=16.76 GiB elapsed=13.45s
[malloc] iteration=66 current=528.00 MiB tracked=17.27 GiB elapsed=14.17s
[malloc] iteration=67 current=536.00 MiB tracked=17.80 GiB elapsed=14.79s
[malloc] iteration=68 current=544.00 MiB tracked=18.33 GiB elapsed=15.77s
[malloc] iteration=69 current=552.00 MiB tracked=18.87 GiB elapsed=16.55s
[malloc] iteration=70 current=560.00 MiB tracked=19.41 GiB elapsed=16.90s
[malloc] iteration=71 current=568.00 MiB tracked=19.97 GiB elapsed=17.65s
[malloc] iteration=72 current=576.00 MiB tracked=20.53 GiB elapsed=18.25s
[malloc] iteration=73 current=584.00 MiB tracked=21.10 GiB elapsed=19.30s
[malloc] iteration=74 current=592.00 MiB tracked=21.68 GiB elapsed=19.90s
[malloc] iteration=75 current=600.00 MiB tracked=22.27 GiB elapsed=21.21s
[malloc] iteration=76 current=608.00 MiB tracked=22.86 GiB elapsed=22.19s
[malloc] iteration=77 current=616.00 MiB tracked=23.46 GiB elapsed=23.30s
[malloc] iteration=78 current=624.00 MiB tracked=24.07 GiB elapsed=24.15s
[malloc] iteration=79 current=632.00 MiB tracked=24.69 GiB elapsed=25.04s
[malloc] iteration=80 current=640.00 MiB tracked=25.31 GiB elapsed=25.41s
[malloc] iteration=81 current=648.00 MiB tracked=25.95 GiB elapsed=26.60s
[malloc] iteration=82 current=656.00 MiB tracked=26.59 GiB elapsed=27.88s
[malloc] iteration=83 current=664.00 MiB tracked=27.23 GiB elapsed=29.16s
[malloc] iteration=84 current=672.00 MiB tracked=27.89 GiB elapsed=31.54s
[malloc] iteration=85 current=680.00 MiB tracked=28.55 GiB elapsed=31.82s
[malloc] iteration=86 current=688.00 MiB tracked=29.23 GiB elapsed=32.78s
[malloc] iteration=87 current=696.00 MiB tracked=29.91 GiB elapsed=33.40s
[malloc] iteration=88 current=704.00 MiB tracked=30.59 GiB elapsed=34.26s
[malloc] iteration=89 current=712.00 MiB tracked=31.29 GiB elapsed=34.94s
[malloc] iteration=90 current=720.00 MiB tracked=31.99 GiB elapsed=36.29s
[malloc] iteration=91 current=728.00 MiB tracked=32.70 GiB elapsed=36.83s
[malloc] iteration=92 current=736.00 MiB tracked=33.42 GiB elapsed=38.29s
[malloc] iteration=93 current=744.00 MiB tracked=34.15 GiB elapsed=39.06s
[malloc] iteration=94 current=752.00 MiB tracked=34.88 GiB elapsed=40.05s
[malloc] iteration=95 current=760.00 MiB tracked=35.62 GiB elapsed=40.64s
[malloc] iteration=96 current=768.00 MiB tracked=36.38 GiB elapsed=41.87s
[malloc] iteration=97 current=776.00 MiB tracked=37.13 GiB elapsed=42.64s
[malloc] iteration=98 current=784.00 MiB tracked=37.90 GiB elapsed=44.32s
[malloc] iteration=99 current=792.00 MiB tracked=38.67 GiB elapsed=45.15s
[malloc] iteration=100 current=800.00 MiB tracked=39.45 GiB elapsed=46.23s
[malloc] iteration=101 current=808.00 MiB tracked=40.24 GiB elapsed=47.35s
[malloc] iteration=102 current=816.00 MiB tracked=41.04 GiB elapsed=48.36s
[malloc] iteration=103 current=824.00 MiB tracked=41.84 GiB elapsed=49.61s
[malloc] iteration=104 current=832.00 MiB tracked=42.66 GiB elapsed=50.30s
[malloc] iteration=105 current=840.00 MiB tracked=43.48 GiB elapsed=51.33s

[malloc] finished after 105 successful allocations
[malloc] largest single allocation: 840.00 MiB
[malloc] total retained memory:   43.48 GiB
[malloc] elapsed CPU time:        51.38s
