Usage: C:\code\university-portfolio-draft\projects\computer-architecture\memory-allocation\memory_malloc_free.exe [step_bytes] [max_iterations]
If omitted, step_bytes defaults to 8388608 bytes (8 MiB).
If max_iterations is omitted or 0, the program runs until allocation fails.
[malloc+free] iteration=1 current=8.00 MiB tracked=8.00 MiB elapsed=0.29s
[malloc+free] iteration=2 current=16.00 MiB tracked=16.00 MiB elapsed=0.40s
[malloc+free] iteration=3 current=24.00 MiB tracked=24.00 MiB elapsed=0.50s
[malloc+free] iteration=4 current=32.00 MiB tracked=32.00 MiB elapsed=0.61s
[malloc+free] iteration=5 current=40.00 MiB tracked=40.00 MiB elapsed=0.74s
[malloc+free] iteration=6 current=48.00 MiB tracked=48.00 MiB elapsed=0.76s
[malloc+free] iteration=7 current=56.00 MiB tracked=56.00 MiB elapsed=0.78s
[malloc+free] iteration=8 current=64.00 MiB tracked=64.00 MiB elapsed=0.80s
[malloc+free] iteration=9 current=72.00 MiB tracked=72.00 MiB elapsed=0.83s
[malloc+free] iteration=10 current=80.00 MiB tracked=80.00 MiB elapsed=0.86s
[malloc+free] iteration=11 current=88.00 MiB tracked=88.00 MiB elapsed=0.89s
[malloc+free] iteration=12 current=96.00 MiB tracked=96.00 MiB elapsed=0.92s
[malloc+free] iteration=13 current=104.00 MiB tracked=104.00 MiB elapsed=0.95s
[malloc+free] iteration=14 current=112.00 MiB tracked=112.00 MiB elapsed=0.98s
[malloc+free] iteration=15 current=120.00 MiB tracked=120.00 MiB elapsed=1.02s
[malloc+free] iteration=16 current=128.00 MiB tracked=128.00 MiB elapsed=1.07s
[malloc+free] iteration=17 current=136.00 MiB tracked=136.00 MiB elapsed=1.12s
[malloc+free] iteration=18 current=144.00 MiB tracked=144.00 MiB elapsed=1.16s
[malloc+free] iteration=19 current=152.00 MiB tracked=152.00 MiB elapsed=1.20s
[malloc+free] iteration=20 current=160.00 MiB tracked=160.00 MiB elapsed=1.25s
[malloc+free] iteration=21 current=168.00 MiB tracked=168.00 MiB elapsed=1.29s
[malloc+free] iteration=22 current=176.00 MiB tracked=176.00 MiB elapsed=1.34s
[malloc+free] iteration=23 current=184.00 MiB tracked=184.00 MiB elapsed=1.38s
[malloc+free] iteration=24 current=192.00 MiB tracked=192.00 MiB elapsed=1.44s
[malloc+free] iteration=25 current=200.00 MiB tracked=200.00 MiB elapsed=1.49s
[malloc+free] iteration=26 current=208.00 MiB tracked=208.00 MiB elapsed=1.55s
[malloc+free] iteration=27 current=216.00 MiB tracked=216.00 MiB elapsed=1.60s
[malloc+free] iteration=28 current=224.00 MiB tracked=224.00 MiB elapsed=1.66s
[malloc+free] iteration=29 current=232.00 MiB tracked=232.00 MiB elapsed=1.72s
[malloc+free] iteration=30 current=240.00 MiB tracked=240.00 MiB elapsed=1.78s
[malloc+free] iteration=31 current=248.00 MiB tracked=248.00 MiB elapsed=1.89s
[malloc+free] iteration=32 current=256.00 MiB tracked=256.00 MiB elapsed=2.00s
[malloc+free] iteration=33 current=264.00 MiB tracked=264.00 MiB elapsed=2.11s
[malloc+free] iteration=34 current=272.00 MiB tracked=272.00 MiB elapsed=2.20s
[malloc+free] iteration=35 current=280.00 MiB tracked=280.00 MiB elapsed=2.28s
[malloc+free] iteration=36 current=288.00 MiB tracked=288.00 MiB elapsed=2.36s
[malloc+free] iteration=37 current=296.00 MiB tracked=296.00 MiB elapsed=2.44s
[malloc+free] iteration=38 current=304.00 MiB tracked=304.00 MiB elapsed=2.52s
[malloc+free] iteration=39 current=312.00 MiB tracked=312.00 MiB elapsed=2.60s
[malloc+free] iteration=40 current=320.00 MiB tracked=320.00 MiB elapsed=2.69s
[malloc+free] iteration=41 current=328.00 MiB tracked=328.00 MiB elapsed=2.77s
[malloc+free] iteration=42 current=336.00 MiB tracked=336.00 MiB elapsed=2.86s
[malloc+free] iteration=43 current=344.00 MiB tracked=344.00 MiB elapsed=2.96s
[malloc+free] iteration=44 current=352.00 MiB tracked=352.00 MiB elapsed=3.07s
[malloc+free] iteration=45 current=360.00 MiB tracked=360.00 MiB elapsed=3.19s
[malloc+free] iteration=46 current=368.00 MiB tracked=368.00 MiB elapsed=3.29s
[malloc+free] iteration=47 current=376.00 MiB tracked=376.00 MiB elapsed=3.40s
[malloc+free] iteration=48 current=384.00 MiB tracked=384.00 MiB elapsed=3.51s
[malloc+free] iteration=49 current=392.00 MiB tracked=392.00 MiB elapsed=3.62s
[malloc+free] iteration=50 current=400.00 MiB tracked=400.00 MiB elapsed=3.72s
[malloc+free] iteration=51 current=408.00 MiB tracked=408.00 MiB elapsed=3.83s
[malloc+free] iteration=52 current=416.00 MiB tracked=416.00 MiB elapsed=3.93s
[malloc+free] iteration=53 current=424.00 MiB tracked=424.00 MiB elapsed=4.04s
[malloc+free] iteration=54 current=432.00 MiB tracked=432.00 MiB elapsed=4.20s
[malloc+free] iteration=55 current=440.00 MiB tracked=440.00 MiB elapsed=4.30s
[malloc+free] iteration=56 current=448.00 MiB tracked=448.00 MiB elapsed=4.41s
[malloc+free] iteration=57 current=456.00 MiB tracked=456.00 MiB elapsed=4.50s
[malloc+free] iteration=58 current=464.00 MiB tracked=464.00 MiB elapsed=4.60s
[malloc+free] iteration=59 current=472.00 MiB tracked=472.00 MiB elapsed=4.70s
[malloc+free] iteration=60 current=480.00 MiB tracked=480.00 MiB elapsed=4.80s
[malloc+free] iteration=61 current=488.00 MiB tracked=488.00 MiB elapsed=4.90s
[malloc+free] iteration=62 current=496.00 MiB tracked=496.00 MiB elapsed=5.00s
[malloc+free] iteration=63 current=504.00 MiB tracked=504.00 MiB elapsed=5.16s
[malloc+free] iteration=64 current=512.00 MiB tracked=512.00 MiB elapsed=5.30s
[malloc+free] iteration=65 current=520.00 MiB tracked=520.00 MiB elapsed=5.41s
[malloc+free] iteration=66 current=528.00 MiB tracked=528.00 MiB elapsed=5.51s
[malloc+free] iteration=67 current=536.00 MiB tracked=536.00 MiB elapsed=5.63s
[malloc+free] iteration=68 current=544.00 MiB tracked=544.00 MiB elapsed=5.74s
[malloc+free] iteration=69 current=552.00 MiB tracked=552.00 MiB elapsed=5.86s
[malloc+free] iteration=70 current=560.00 MiB tracked=560.00 MiB elapsed=5.97s
[malloc+free] iteration=71 current=568.00 MiB tracked=568.00 MiB elapsed=6.12s
[malloc+free] iteration=72 current=576.00 MiB tracked=576.00 MiB elapsed=6.26s
[malloc+free] iteration=73 current=584.00 MiB tracked=584.00 MiB elapsed=6.38s
[malloc+free] iteration=74 current=592.00 MiB tracked=592.00 MiB elapsed=6.50s
[malloc+free] iteration=75 current=600.00 MiB tracked=600.00 MiB elapsed=6.62s
[malloc+free] iteration=76 current=608.00 MiB tracked=608.00 MiB elapsed=6.76s
[malloc+free] iteration=77 current=616.00 MiB tracked=616.00 MiB elapsed=6.88s
[malloc+free] iteration=78 current=624.00 MiB tracked=624.00 MiB elapsed=7.01s
[malloc+free] iteration=79 current=632.00 MiB tracked=632.00 MiB elapsed=7.18s
[malloc+free] iteration=80 current=640.00 MiB tracked=640.00 MiB elapsed=7.32s
[malloc+free] iteration=81 current=648.00 MiB tracked=648.00 MiB elapsed=7.45s
[malloc+free] iteration=82 current=656.00 MiB tracked=656.00 MiB elapsed=7.59s
[malloc+free] iteration=83 current=664.00 MiB tracked=664.00 MiB elapsed=7.72s
[malloc+free] iteration=84 current=672.00 MiB tracked=672.00 MiB elapsed=7.86s
[malloc+free] iteration=85 current=680.00 MiB tracked=680.00 MiB elapsed=7.99s
[malloc+free] iteration=86 current=688.00 MiB tracked=688.00 MiB elapsed=8.18s
[malloc+free] iteration=87 current=696.00 MiB tracked=696.00 MiB elapsed=8.34s
[malloc+free] iteration=88 current=704.00 MiB tracked=704.00 MiB elapsed=8.47s
[malloc+free] iteration=89 current=712.00 MiB tracked=712.00 MiB elapsed=8.62s
[malloc+free] iteration=90 current=720.00 MiB tracked=720.00 MiB elapsed=8.76s
[malloc+free] iteration=91 current=728.00 MiB tracked=728.00 MiB elapsed=8.91s
[malloc+free] iteration=92 current=736.00 MiB tracked=736.00 MiB elapsed=9.07s
[malloc+free] iteration=93 current=744.00 MiB tracked=744.00 MiB elapsed=9.27s
[malloc+free] iteration=94 current=752.00 MiB tracked=752.00 MiB elapsed=9.42s
[malloc+free] iteration=95 current=760.00 MiB tracked=760.00 MiB elapsed=9.61s
[malloc+free] iteration=96 current=768.00 MiB tracked=768.00 MiB elapsed=9.77s
[malloc+free] iteration=97 current=776.00 MiB tracked=776.00 MiB elapsed=9.93s
[malloc+free] iteration=98 current=784.00 MiB tracked=784.00 MiB elapsed=10.14s
[malloc+free] iteration=99 current=792.00 MiB tracked=792.00 MiB elapsed=10.32s
[malloc+free] iteration=100 current=800.00 MiB tracked=800.00 MiB elapsed=10.49s
[malloc+free] iteration=101 current=808.00 MiB tracked=808.00 MiB elapsed=10.65s
[malloc+free] iteration=102 current=816.00 MiB tracked=816.00 MiB elapsed=10.82s
[malloc+free] iteration=103 current=824.00 MiB tracked=824.00 MiB elapsed=10.98s
[malloc+free] iteration=104 current=832.00 MiB tracked=832.00 MiB elapsed=11.21s
[malloc+free] iteration=105 current=840.00 MiB tracked=840.00 MiB elapsed=11.39s
[malloc+free] iteration=106 current=848.00 MiB tracked=848.00 MiB elapsed=11.55s
[malloc+free] iteration=107 current=856.00 MiB tracked=856.00 MiB elapsed=11.72s
[malloc+free] iteration=108 current=864.00 MiB tracked=864.00 MiB elapsed=11.89s
[malloc+free] iteration=109 current=872.00 MiB tracked=872.00 MiB elapsed=12.11s
[malloc+free] iteration=110 current=880.00 MiB tracked=880.00 MiB elapsed=12.32s
[malloc+free] iteration=111 current=888.00 MiB tracked=888.00 MiB elapsed=12.51s
[malloc+free] iteration=112 current=896.00 MiB tracked=896.00 MiB elapsed=12.70s
[malloc+free] iteration=113 current=904.00 MiB tracked=904.00 MiB elapsed=12.87s
[malloc+free] iteration=114 current=912.00 MiB tracked=912.00 MiB elapsed=13.10s
[malloc+free] iteration=115 current=920.00 MiB tracked=920.00 MiB elapsed=13.37s
[malloc+free] iteration=116 current=928.00 MiB tracked=928.00 MiB elapsed=13.55s
[malloc+free] iteration=117 current=936.00 MiB tracked=936.00 MiB elapsed=13.75s
[malloc+free] iteration=118 current=944.00 MiB tracked=944.00 MiB elapsed=13.96s
[malloc+free] iteration=119 current=952.00 MiB tracked=952.00 MiB elapsed=14.26s
[malloc+free] iteration=120 current=960.00 MiB tracked=960.00 MiB elapsed=14.56s
[malloc+free] iteration=121 current=968.00 MiB tracked=968.00 MiB elapsed=14.85s
[malloc+free] iteration=122 current=976.00 MiB tracked=976.00 MiB elapsed=15.15s
[malloc+free] iteration=123 current=984.00 MiB tracked=984.00 MiB elapsed=15.49s
[malloc+free] iteration=124 current=992.00 MiB tracked=992.00 MiB elapsed=15.78s
[malloc+free] iteration=125 current=1000.00 MiB tracked=1000.00 MiB elapsed=16.18s
[malloc+free] iteration=126 current=1008.00 MiB tracked=1008.00 MiB elapsed=16.58s
[malloc+free] iteration=127 current=1016.00 MiB tracked=1016.00 MiB elapsed=16.85s
[malloc+free] iteration=128 current=1.00 GiB tracked=1.00 GiB elapsed=17.13s
[malloc+free] iteration=129 current=1.01 GiB tracked=1.01 GiB elapsed=17.40s
[malloc+free] iteration=130 current=1.02 GiB tracked=1.02 GiB elapsed=17.62s
[malloc+free] iteration=131 current=1.02 GiB tracked=1.02 GiB elapsed=17.84s
[malloc+free] iteration=132 current=1.03 GiB tracked=1.03 GiB elapsed=18.07s
[malloc+free] iteration=133 current=1.04 GiB tracked=1.04 GiB elapsed=18.34s
[malloc+free] iteration=134 current=1.05 GiB tracked=1.05 GiB elapsed=18.55s
[malloc+free] iteration=135 current=1.05 GiB tracked=1.05 GiB elapsed=18.75s
[malloc+free] iteration=136 current=1.06 GiB tracked=1.06 GiB elapsed=18.97s
[malloc+free] iteration=137 current=1.07 GiB tracked=1.07 GiB elapsed=19.25s
[malloc+free] iteration=138 current=1.08 GiB tracked=1.08 GiB elapsed=19.47s
[malloc+free] iteration=139 current=1.09 GiB tracked=1.09 GiB elapsed=19.69s
[malloc+free] iteration=140 current=1.09 GiB tracked=1.09 GiB elapsed=19.91s
[malloc+free] iteration=141 current=1.10 GiB tracked=1.10 GiB elapsed=20.18s
[malloc+free] iteration=142 current=1.11 GiB tracked=1.11 GiB elapsed=20.43s
[malloc+free] iteration=143 current=1.12 GiB tracked=1.12 GiB elapsed=20.64s
[malloc+free] iteration=144 current=1.12 GiB tracked=1.12 GiB elapsed=20.87s
[malloc+free] iteration=145 current=1.13 GiB tracked=1.13 GiB elapsed=21.15s
[malloc+free] iteration=146 current=1.14 GiB tracked=1.14 GiB elapsed=21.41s
[malloc+free] iteration=147 current=1.15 GiB tracked=1.15 GiB elapsed=21.64s
[malloc+free] iteration=148 current=1.16 GiB tracked=1.16 GiB elapsed=21.86s
[malloc+free] iteration=149 current=1.16 GiB tracked=1.16 GiB elapsed=22.17s
[malloc+free] iteration=150 current=1.17 GiB tracked=1.17 GiB elapsed=22.45s
[malloc+free] iteration=151 current=1.18 GiB tracked=1.18 GiB elapsed=22.68s
[malloc+free] iteration=152 current=1.19 GiB tracked=1.19 GiB elapsed=22.92s
[malloc+free] iteration=153 current=1.20 GiB tracked=1.20 GiB elapsed=23.20s
[malloc+free] iteration=154 current=1.20 GiB tracked=1.20 GiB elapsed=23.45s
[malloc+free] iteration=155 current=1.21 GiB tracked=1.21 GiB elapsed=23.70s
[malloc+free] iteration=156 current=1.22 GiB tracked=1.22 GiB elapsed=23.94s
[malloc+free] iteration=157 current=1.23 GiB tracked=1.23 GiB elapsed=24.24s
[malloc+free] iteration=158 current=1.23 GiB tracked=1.23 GiB elapsed=24.48s
[malloc+free] iteration=159 current=1.24 GiB tracked=1.24 GiB elapsed=24.73s
[malloc+free] iteration=160 current=1.25 GiB tracked=1.25 GiB elapsed=24.98s
[malloc+free] iteration=161 current=1.26 GiB tracked=1.26 GiB elapsed=25.30s
[malloc+free] iteration=162 current=1.27 GiB tracked=1.27 GiB elapsed=25.54s
[malloc+free] iteration=163 current=1.27 GiB tracked=1.27 GiB elapsed=25.80s
[malloc+free] iteration=164 current=1.28 GiB tracked=1.28 GiB elapsed=26.08s
[malloc+free] iteration=165 current=1.29 GiB tracked=1.29 GiB elapsed=26.36s
[malloc+free] iteration=166 current=1.30 GiB tracked=1.30 GiB elapsed=26.61s
[malloc+free] iteration=167 current=1.30 GiB tracked=1.30 GiB elapsed=26.87s
[malloc+free] iteration=168 current=1.31 GiB tracked=1.31 GiB elapsed=27.18s
[malloc+free] iteration=169 current=1.32 GiB tracked=1.32 GiB elapsed=27.47s
[malloc+free] iteration=170 current=1.33 GiB tracked=1.33 GiB elapsed=27.75s
[malloc+free] iteration=171 current=1.34 GiB tracked=1.34 GiB elapsed=28.02s
[malloc+free] iteration=172 current=1.34 GiB tracked=1.34 GiB elapsed=28.34s
[malloc+free] iteration=173 current=1.35 GiB tracked=1.35 GiB elapsed=28.73s
[malloc+free] iteration=174 current=1.36 GiB tracked=1.36 GiB elapsed=29.01s
[malloc+free] iteration=175 current=1.37 GiB tracked=1.37 GiB elapsed=29.35s
[malloc+free] iteration=176 current=1.38 GiB tracked=1.38 GiB elapsed=29.61s
[malloc+free] iteration=177 current=1.38 GiB tracked=1.38 GiB elapsed=29.89s
[malloc+free] iteration=178 current=1.39 GiB tracked=1.39 GiB elapsed=30.25s
[malloc+free] iteration=179 current=1.40 GiB tracked=1.40 GiB elapsed=30.54s
[malloc+free] iteration=180 current=1.41 GiB tracked=1.41 GiB elapsed=30.82s
[malloc+free] iteration=181 current=1.41 GiB tracked=1.41 GiB elapsed=31.18s
[malloc+free] iteration=182 current=1.42 GiB tracked=1.42 GiB elapsed=31.49s
[malloc+free] iteration=183 current=1.43 GiB tracked=1.43 GiB elapsed=31.79s
[malloc+free] iteration=184 current=1.44 GiB tracked=1.44 GiB elapsed=32.09s
[malloc+free] iteration=185 current=1.45 GiB tracked=1.45 GiB elapsed=32.41s
[malloc+free] iteration=186 current=1.45 GiB tracked=1.45 GiB elapsed=32.70s
[malloc+free] iteration=187 current=1.46 GiB tracked=1.46 GiB elapsed=32.99s
[malloc+free] iteration=188 current=1.47 GiB tracked=1.47 GiB elapsed=33.33s
[malloc+free] iteration=189 current=1.48 GiB tracked=1.48 GiB elapsed=33.62s
[malloc+free] iteration=190 current=1.48 GiB tracked=1.48 GiB elapsed=33.91s
[malloc+free] iteration=191 current=1.49 GiB tracked=1.49 GiB elapsed=34.29s
[malloc+free] iteration=192 current=1.50 GiB tracked=1.50 GiB elapsed=34.58s
[malloc+free] iteration=193 current=1.51 GiB tracked=1.51 GiB elapsed=34.88s
[malloc+free] iteration=194 current=1.52 GiB tracked=1.52 GiB elapsed=35.25s
[malloc+free] iteration=195 current=1.52 GiB tracked=1.52 GiB elapsed=35.54s
[malloc+free] iteration=196 current=1.53 GiB tracked=1.53 GiB elapsed=35.84s
[malloc+free] iteration=197 current=1.54 GiB tracked=1.54 GiB elapsed=36.19s
[malloc+free] iteration=198 current=1.55 GiB tracked=1.55 GiB elapsed=36.51s
[malloc+free] iteration=199 current=1.55 GiB tracked=1.55 GiB elapsed=36.89s
[malloc+free] iteration=200 current=1.56 GiB tracked=1.56 GiB elapsed=37.25s
[malloc+free] iteration=201 current=1.57 GiB tracked=1.57 GiB elapsed=37.64s
[malloc+free] iteration=202 current=1.58 GiB tracked=1.58 GiB elapsed=37.97s
[malloc+free] iteration=203 current=1.59 GiB tracked=1.59 GiB elapsed=38.34s
[malloc+free] iteration=204 current=1.59 GiB tracked=1.59 GiB elapsed=38.65s
[malloc+free] iteration=205 current=1.60 GiB tracked=1.60 GiB elapsed=38.98s
[malloc+free] iteration=206 current=1.61 GiB tracked=1.61 GiB elapsed=39.36s
[malloc+free] iteration=207 current=1.62 GiB tracked=1.62 GiB elapsed=39.69s
[malloc+free] iteration=208 current=1.62 GiB tracked=1.62 GiB elapsed=40.01s
[malloc+free] iteration=209 current=1.63 GiB tracked=1.63 GiB elapsed=40.47s
[malloc+free] iteration=210 current=1.64 GiB tracked=1.64 GiB elapsed=40.80s
[malloc+free] iteration=211 current=1.65 GiB tracked=1.65 GiB elapsed=41.16s
[malloc+free] iteration=212 current=1.66 GiB tracked=1.66 GiB elapsed=41.52s
[malloc+free] iteration=213 current=1.66 GiB tracked=1.66 GiB elapsed=41.85s
[malloc+free] iteration=214 current=1.67 GiB tracked=1.67 GiB elapsed=42.24s
[malloc+free] iteration=215 current=1.68 GiB tracked=1.68 GiB elapsed=42.57s
[malloc+free] iteration=216 current=1.69 GiB tracked=1.69 GiB elapsed=42.91s
[malloc+free] iteration=217 current=1.70 GiB tracked=1.70 GiB elapsed=43.29s
[malloc+free] iteration=218 current=1.70 GiB tracked=1.70 GiB elapsed=43.64s
[malloc+free] iteration=219 current=1.71 GiB tracked=1.71 GiB elapsed=44.00s
[malloc+free] iteration=220 current=1.72 GiB tracked=1.72 GiB elapsed=44.44s
[malloc+free] iteration=221 current=1.73 GiB tracked=1.73 GiB elapsed=44.81s
[malloc+free] iteration=222 current=1.73 GiB tracked=1.73 GiB elapsed=45.22s
[malloc+free] iteration=223 current=1.74 GiB tracked=1.74 GiB elapsed=45.59s
[malloc+free] iteration=224 current=1.75 GiB tracked=1.75 GiB elapsed=45.94s
[malloc+free] iteration=225 current=1.76 GiB tracked=1.76 GiB elapsed=46.33s
[malloc+free] iteration=226 current=1.77 GiB tracked=1.77 GiB elapsed=46.68s
[malloc+free] iteration=227 current=1.77 GiB tracked=1.77 GiB elapsed=47.04s
[malloc+free] iteration=228 current=1.78 GiB tracked=1.78 GiB elapsed=47.47s
[malloc+free] iteration=229 current=1.79 GiB tracked=1.79 GiB elapsed=47.87s
[malloc+free] iteration=230 current=1.80 GiB tracked=1.80 GiB elapsed=48.36s
[malloc+free] iteration=231 current=1.80 GiB tracked=1.80 GiB elapsed=48.76s
[malloc+free] iteration=232 current=1.81 GiB tracked=1.81 GiB elapsed=49.20s
[malloc+free] iteration=233 current=1.82 GiB tracked=1.82 GiB elapsed=49.61s
[malloc+free] iteration=234 current=1.83 GiB tracked=1.83 GiB elapsed=50.02s
[malloc+free] iteration=235 current=1.84 GiB tracked=1.84 GiB elapsed=50.46s
[malloc+free] iteration=236 current=1.84 GiB tracked=1.84 GiB elapsed=50.86s
[malloc+free] iteration=237 current=1.85 GiB tracked=1.85 GiB elapsed=51.31s
[malloc+free] iteration=238 current=1.86 GiB tracked=1.86 GiB elapsed=51.72s
[malloc+free] iteration=239 current=1.87 GiB tracked=1.87 GiB elapsed=52.21s
[malloc+free] iteration=240 current=1.88 GiB tracked=1.88 GiB elapsed=52.68s
[malloc+free] iteration=241 current=1.88 GiB tracked=1.88 GiB elapsed=53.10s
[malloc+free] iteration=242 current=1.89 GiB tracked=1.89 GiB elapsed=53.51s
[malloc+free] iteration=243 current=1.90 GiB tracked=1.90 GiB elapsed=53.90s
[malloc+free] iteration=244 current=1.91 GiB tracked=1.91 GiB elapsed=54.33s
[malloc+free] iteration=245 current=1.91 GiB tracked=1.91 GiB elapsed=54.71s
[malloc+free] iteration=246 current=1.92 GiB tracked=1.92 GiB elapsed=55.13s
[malloc+free] iteration=247 current=1.93 GiB tracked=1.93 GiB elapsed=55.54s
[malloc+free] iteration=248 current=1.94 GiB tracked=1.94 GiB elapsed=56.01s
[malloc+free] iteration=249 current=1.95 GiB tracked=1.95 GiB elapsed=56.45s
[malloc+free] iteration=250 current=1.95 GiB tracked=1.95 GiB elapsed=56.83s
[malloc+free] iteration=251 current=1.96 GiB tracked=1.96 GiB elapsed=57.34s
[malloc+free] iteration=252 current=1.97 GiB tracked=1.97 GiB elapsed=57.73s
[malloc+free] iteration=253 current=1.98 GiB tracked=1.98 GiB elapsed=58.18s
[malloc+free] iteration=254 current=1.98 GiB tracked=1.98 GiB elapsed=58.57s
[malloc+free] iteration=255 current=1.99 GiB tracked=1.99 GiB elapsed=58.95s
[malloc+free] iteration=256 current=2.00 GiB tracked=2.00 GiB elapsed=59.38s
[malloc+free] iteration=257 current=2.01 GiB tracked=2.01 GiB elapsed=59.77s
[malloc+free] iteration=258 current=2.02 GiB tracked=2.02 GiB elapsed=60.24s
[malloc+free] iteration=259 current=2.02 GiB tracked=2.02 GiB elapsed=60.73s
[malloc+free] iteration=260 current=2.03 GiB tracked=2.03 GiB elapsed=61.23s
[malloc+free] iteration=261 current=2.04 GiB tracked=2.04 GiB elapsed=61.71s
[malloc+free] iteration=262 current=2.05 GiB tracked=2.05 GiB elapsed=62.20s
[malloc+free] iteration=263 current=2.05 GiB tracked=2.05 GiB elapsed=62.62s
[malloc+free] iteration=264 current=2.06 GiB tracked=2.06 GiB elapsed=63.04s
[malloc+free] iteration=265 current=2.07 GiB tracked=2.07 GiB elapsed=63.49s
[malloc+free] iteration=266 current=2.08 GiB tracked=2.08 GiB elapsed=63.89s
[malloc+free] iteration=267 current=2.09 GiB tracked=2.09 GiB elapsed=64.35s
[malloc+free] iteration=268 current=2.09 GiB tracked=2.09 GiB elapsed=64.75s
[malloc+free] iteration=269 current=2.10 GiB tracked=2.10 GiB elapsed=65.28s
[malloc+free] iteration=270 current=2.11 GiB tracked=2.11 GiB elapsed=65.69s
[malloc+free] iteration=271 current=2.12 GiB tracked=2.12 GiB elapsed=66.19s
[malloc+free] iteration=272 current=2.12 GiB tracked=2.12 GiB elapsed=66.67s
[malloc+free] iteration=273 current=2.13 GiB tracked=2.13 GiB elapsed=67.12s
[malloc+free] iteration=274 current=2.14 GiB tracked=2.14 GiB elapsed=67.56s
[malloc+free] iteration=275 current=2.15 GiB tracked=2.15 GiB elapsed=67.97s
[malloc+free] iteration=276 current=2.16 GiB tracked=2.16 GiB elapsed=68.44s
[malloc+free] iteration=277 current=2.16 GiB tracked=2.16 GiB elapsed=68.86s
[malloc+free] iteration=278 current=2.17 GiB tracked=2.17 GiB elapsed=69.35s
[malloc+free] iteration=279 current=2.18 GiB tracked=2.18 GiB elapsed=69.77s
[malloc+free] iteration=280 current=2.19 GiB tracked=2.19 GiB elapsed=70.26s
[malloc+free] iteration=281 current=2.20 GiB tracked=2.20 GiB elapsed=70.70s
[malloc+free] iteration=282 current=2.20 GiB tracked=2.20 GiB elapsed=71.19s
[malloc+free] iteration=283 current=2.21 GiB tracked=2.21 GiB elapsed=71.62s
[malloc+free] iteration=284 current=2.22 GiB tracked=2.22 GiB elapsed=72.09s
[malloc+free] iteration=285 current=2.23 GiB tracked=2.23 GiB elapsed=72.57s
[malloc+free] iteration=286 current=2.23 GiB tracked=2.23 GiB elapsed=73.02s
[malloc+free] iteration=287 current=2.24 GiB tracked=2.24 GiB elapsed=73.53s
[malloc+free] iteration=288 current=2.25 GiB tracked=2.25 GiB elapsed=73.97s
[malloc+free] iteration=289 current=2.26 GiB tracked=2.26 GiB elapsed=74.49s
[malloc+free] iteration=290 current=2.27 GiB tracked=2.27 GiB elapsed=74.92s
[malloc+free] iteration=291 current=2.27 GiB tracked=2.27 GiB elapsed=75.49s
[malloc+free] iteration=292 current=2.28 GiB tracked=2.28 GiB elapsed=75.96s
[malloc+free] iteration=293 current=2.29 GiB tracked=2.29 GiB elapsed=76.46s
[malloc+free] iteration=294 current=2.30 GiB tracked=2.30 GiB elapsed=76.91s
[malloc+free] iteration=295 current=2.30 GiB tracked=2.30 GiB elapsed=77.40s
[malloc+free] iteration=296 current=2.31 GiB tracked=2.31 GiB elapsed=77.85s
[malloc+free] iteration=297 current=2.32 GiB tracked=2.32 GiB elapsed=78.53s
[malloc+free] iteration=298 current=2.33 GiB tracked=2.33 GiB elapsed=79.08s
[malloc+free] iteration=299 current=2.34 GiB tracked=2.34 GiB elapsed=79.60s
[malloc+free] iteration=300 current=2.34 GiB tracked=2.34 GiB elapsed=80.14s
[malloc+free] iteration=301 current=2.35 GiB tracked=2.35 GiB elapsed=80.67s
[malloc+free] iteration=302 current=2.36 GiB tracked=2.36 GiB elapsed=81.24s
[malloc+free] iteration=303 current=2.37 GiB tracked=2.37 GiB elapsed=81.77s
[malloc+free] iteration=304 current=2.38 GiB tracked=2.38 GiB elapsed=82.30s
[malloc+free] iteration=305 current=2.38 GiB tracked=2.38 GiB elapsed=82.79s
[malloc+free] iteration=306 current=2.39 GiB tracked=2.39 GiB elapsed=83.44s
[malloc+free] iteration=307 current=2.40 GiB tracked=2.40 GiB elapsed=83.93s
[malloc+free] iteration=308 current=2.41 GiB tracked=2.41 GiB elapsed=84.60s
[malloc+free] iteration=309 current=2.41 GiB tracked=2.41 GiB elapsed=85.15s
[malloc+free] iteration=310 current=2.42 GiB tracked=2.42 GiB elapsed=85.67s
[malloc+free] iteration=311 current=2.43 GiB tracked=2.43 GiB elapsed=86.33s
[malloc+free] iteration=312 current=2.44 GiB tracked=2.44 GiB elapsed=86.88s
[malloc+free] iteration=313 current=2.45 GiB tracked=2.45 GiB elapsed=87.54s
[malloc+free] iteration=314 current=2.45 GiB tracked=2.45 GiB elapsed=88.04s
[malloc+free] iteration=315 current=2.46 GiB tracked=2.46 GiB elapsed=88.79s
[malloc+free] iteration=316 current=2.47 GiB tracked=2.47 GiB elapsed=89.36s
[malloc+free] iteration=317 current=2.48 GiB tracked=2.48 GiB elapsed=89.91s
[malloc+free] iteration=318 current=2.48 GiB tracked=2.48 GiB elapsed=90.58s
[malloc+free] iteration=319 current=2.49 GiB tracked=2.49 GiB elapsed=91.11s
[malloc+free] iteration=320 current=2.50 GiB tracked=2.50 GiB elapsed=91.66s
[malloc+free] iteration=321 current=2.51 GiB tracked=2.51 GiB elapsed=92.24s
[malloc+free] iteration=322 current=2.52 GiB tracked=2.52 GiB elapsed=92.79s
[malloc+free] iteration=323 current=2.52 GiB tracked=2.52 GiB elapsed=93.35s
[malloc+free] iteration=324 current=2.53 GiB tracked=2.53 GiB elapsed=93.96s
[malloc+free] iteration=325 current=2.54 GiB tracked=2.54 GiB elapsed=94.55s
[malloc+free] iteration=326 current=2.55 GiB tracked=2.55 GiB elapsed=95.14s
[malloc+free] iteration=327 current=2.55 GiB tracked=2.55 GiB elapsed=95.70s
[malloc+free] iteration=328 current=2.56 GiB tracked=2.56 GiB elapsed=96.30s
[malloc+free] iteration=329 current=2.57 GiB tracked=2.57 GiB elapsed=96.89s
[malloc+free] iteration=330 current=2.58 GiB tracked=2.58 GiB elapsed=97.52s
[malloc+free] iteration=331 current=2.59 GiB tracked=2.59 GiB elapsed=98.09s
[malloc+free] iteration=332 current=2.59 GiB tracked=2.59 GiB elapsed=98.62s
[malloc+free] iteration=333 current=2.60 GiB tracked=2.60 GiB elapsed=99.27s
[malloc+free] iteration=334 current=2.61 GiB tracked=2.61 GiB elapsed=99.83s
[malloc+free] iteration=335 current=2.62 GiB tracked=2.62 GiB elapsed=100.42s
[malloc+free] iteration=336 current=2.62 GiB tracked=2.62 GiB elapsed=101.02s
[malloc+free] iteration=337 current=2.63 GiB tracked=2.63 GiB elapsed=101.58s
[malloc+free] iteration=338 current=2.64 GiB tracked=2.64 GiB elapsed=102.26s
[malloc+free] iteration=339 current=2.65 GiB tracked=2.65 GiB elapsed=102.83s
[malloc+free] iteration=340 current=2.66 GiB tracked=2.66 GiB elapsed=103.52s
[malloc+free] iteration=341 current=2.66 GiB tracked=2.66 GiB elapsed=104.09s
[malloc+free] iteration=342 current=2.67 GiB tracked=2.67 GiB elapsed=104.77s
[malloc+free] iteration=343 current=2.68 GiB tracked=2.68 GiB elapsed=105.41s
[malloc+free] iteration=344 current=2.69 GiB tracked=2.69 GiB elapsed=106.12s
[malloc+free] iteration=345 current=2.70 GiB tracked=2.70 GiB elapsed=106.68s
[malloc+free] iteration=346 current=2.70 GiB tracked=2.70 GiB elapsed=107.34s
[malloc+free] iteration=347 current=2.71 GiB tracked=2.71 GiB elapsed=107.87s
[malloc+free] iteration=348 current=2.72 GiB tracked=2.72 GiB elapsed=108.47s
[malloc+free] iteration=349 current=2.73 GiB tracked=2.73 GiB elapsed=109.23s
[malloc+free] iteration=350 current=2.73 GiB tracked=2.73 GiB elapsed=109.83s
[malloc+free] iteration=351 current=2.74 GiB tracked=2.74 GiB elapsed=110.41s
[malloc+free] iteration=352 current=2.75 GiB tracked=2.75 GiB elapsed=111.06s
[malloc+free] iteration=353 current=2.76 GiB tracked=2.76 GiB elapsed=111.73s
[malloc+free] iteration=354 current=2.77 GiB tracked=2.77 GiB elapsed=112.41s
[malloc+free] iteration=355 current=2.77 GiB tracked=2.77 GiB elapsed=113.11s
[malloc+free] iteration=356 current=2.78 GiB tracked=2.78 GiB elapsed=113.89s
[malloc+free] iteration=357 current=2.79 GiB tracked=2.79 GiB elapsed=114.73s
[malloc+free] iteration=358 current=2.80 GiB tracked=2.80 GiB elapsed=115.81s
[malloc+free] iteration=359 current=2.80 GiB tracked=2.80 GiB elapsed=116.71s
[malloc+free] iteration=360 current=2.81 GiB tracked=2.81 GiB elapsed=117.46s
[malloc+free] iteration=361 current=2.82 GiB tracked=2.82 GiB elapsed=118.25s
[malloc+free] iteration=362 current=2.83 GiB tracked=2.83 GiB elapsed=118.98s
[malloc+free] iteration=363 current=2.84 GiB tracked=2.84 GiB elapsed=119.79s
[malloc+free] terminated by runner after 120s timeout
