Usage: C:\code\university-portfolio-draft\projects\computer-architecture\memory-allocation\memory_realloc.exe [step_bytes] [max_iterations]
If omitted, step_bytes defaults to 8388608 bytes (8 MiB).
If max_iterations is omitted or 0, the program runs until allocation fails.
[realloc] iteration=1 current=8.00 MiB tracked=8.00 MiB elapsed=0.28s
[realloc] iteration=2 current=16.00 MiB tracked=16.00 MiB elapsed=0.38s
[realloc] iteration=3 current=24.00 MiB tracked=24.00 MiB elapsed=0.49s
[realloc] iteration=4 current=32.00 MiB tracked=32.00 MiB elapsed=0.60s
[realloc] iteration=5 current=40.00 MiB tracked=40.00 MiB elapsed=0.70s
[realloc] iteration=6 current=48.00 MiB tracked=48.00 MiB elapsed=0.82s
[realloc] iteration=7 current=56.00 MiB tracked=56.00 MiB elapsed=0.94s
[realloc] iteration=8 current=64.00 MiB tracked=64.00 MiB elapsed=0.98s
[realloc] iteration=9 current=72.00 MiB tracked=72.00 MiB elapsed=1.01s
[realloc] iteration=10 current=80.00 MiB tracked=80.00 MiB elapsed=1.05s
[realloc] iteration=11 current=88.00 MiB tracked=88.00 MiB elapsed=1.08s
[realloc] iteration=12 current=96.00 MiB tracked=96.00 MiB elapsed=1.14s
[realloc] iteration=13 current=104.00 MiB tracked=104.00 MiB elapsed=1.18s
[realloc] iteration=14 current=112.00 MiB tracked=112.00 MiB elapsed=1.23s
[realloc] iteration=15 current=120.00 MiB tracked=120.00 MiB elapsed=1.28s
[realloc] iteration=16 current=128.00 MiB tracked=128.00 MiB elapsed=1.33s
[realloc] iteration=17 current=136.00 MiB tracked=136.00 MiB elapsed=1.39s
[realloc] iteration=18 current=144.00 MiB tracked=144.00 MiB elapsed=1.44s
[realloc] iteration=19 current=152.00 MiB tracked=152.00 MiB elapsed=1.49s
[realloc] iteration=20 current=160.00 MiB tracked=160.00 MiB elapsed=1.55s
[realloc] iteration=21 current=168.00 MiB tracked=168.00 MiB elapsed=1.60s
[realloc] iteration=22 current=176.00 MiB tracked=176.00 MiB elapsed=1.67s
[realloc] iteration=23 current=184.00 MiB tracked=184.00 MiB elapsed=1.73s
[realloc] iteration=24 current=192.00 MiB tracked=192.00 MiB elapsed=1.80s
[realloc] iteration=25 current=200.00 MiB tracked=200.00 MiB elapsed=1.86s
[realloc] iteration=26 current=208.00 MiB tracked=208.00 MiB elapsed=1.93s
[realloc] iteration=27 current=216.00 MiB tracked=216.00 MiB elapsed=2.01s
[realloc] iteration=28 current=224.00 MiB tracked=224.00 MiB elapsed=2.08s
[realloc] iteration=29 current=232.00 MiB tracked=232.00 MiB elapsed=2.15s
[realloc] iteration=30 current=240.00 MiB tracked=240.00 MiB elapsed=2.23s
[realloc] iteration=31 current=248.00 MiB tracked=248.00 MiB elapsed=2.30s
[realloc] iteration=32 current=256.00 MiB tracked=256.00 MiB elapsed=2.39s
[realloc] iteration=33 current=264.00 MiB tracked=264.00 MiB elapsed=2.47s
[realloc] iteration=34 current=272.00 MiB tracked=272.00 MiB elapsed=2.55s
[realloc] iteration=35 current=280.00 MiB tracked=280.00 MiB elapsed=2.63s
[realloc] iteration=36 current=288.00 MiB tracked=288.00 MiB elapsed=2.71s
[realloc] iteration=37 current=296.00 MiB tracked=296.00 MiB elapsed=2.81s
[realloc] iteration=38 current=304.00 MiB tracked=304.00 MiB elapsed=2.90s
[realloc] iteration=39 current=312.00 MiB tracked=312.00 MiB elapsed=2.99s
[realloc] iteration=40 current=320.00 MiB tracked=320.00 MiB elapsed=3.08s
[realloc] iteration=41 current=328.00 MiB tracked=328.00 MiB elapsed=3.17s
[realloc] iteration=42 current=336.00 MiB tracked=336.00 MiB elapsed=3.27s
[realloc] iteration=43 current=344.00 MiB tracked=344.00 MiB elapsed=3.37s
[realloc] iteration=44 current=352.00 MiB tracked=352.00 MiB elapsed=3.48s
[realloc] iteration=45 current=360.00 MiB tracked=360.00 MiB elapsed=3.58s
[realloc] iteration=46 current=368.00 MiB tracked=368.00 MiB elapsed=3.71s
[realloc] iteration=47 current=376.00 MiB tracked=376.00 MiB elapsed=3.82s
[realloc] iteration=48 current=384.00 MiB tracked=384.00 MiB elapsed=3.94s
[realloc] iteration=49 current=392.00 MiB tracked=392.00 MiB elapsed=4.05s
[realloc] iteration=50 current=400.00 MiB tracked=400.00 MiB elapsed=4.17s
[realloc] iteration=51 current=408.00 MiB tracked=408.00 MiB elapsed=4.29s
[realloc] iteration=52 current=416.00 MiB tracked=416.00 MiB elapsed=4.41s
[realloc] iteration=53 current=424.00 MiB tracked=424.00 MiB elapsed=4.53s
[realloc] iteration=54 current=432.00 MiB tracked=432.00 MiB elapsed=4.65s
[realloc] iteration=55 current=440.00 MiB tracked=440.00 MiB elapsed=4.79s
[realloc] iteration=56 current=448.00 MiB tracked=448.00 MiB elapsed=4.93s
[realloc] iteration=57 current=456.00 MiB tracked=456.00 MiB elapsed=5.05s
[realloc] iteration=58 current=464.00 MiB tracked=464.00 MiB elapsed=5.18s
[realloc] iteration=59 current=472.00 MiB tracked=472.00 MiB elapsed=5.32s
[realloc] iteration=60 current=480.00 MiB tracked=480.00 MiB elapsed=5.45s
[realloc] iteration=61 current=488.00 MiB tracked=488.00 MiB elapsed=5.59s
[realloc] iteration=62 current=496.00 MiB tracked=496.00 MiB elapsed=5.73s
[realloc] iteration=63 current=504.00 MiB tracked=504.00 MiB elapsed=5.87s
[realloc] iteration=64 current=512.00 MiB tracked=512.00 MiB elapsed=6.02s
[realloc] iteration=65 current=520.00 MiB tracked=520.00 MiB elapsed=6.31s
[realloc] iteration=66 current=528.00 MiB tracked=528.00 MiB elapsed=6.50s
[realloc] iteration=67 current=536.00 MiB tracked=536.00 MiB elapsed=6.65s
[realloc] iteration=68 current=544.00 MiB tracked=544.00 MiB elapsed=6.82s
[realloc] iteration=69 current=552.00 MiB tracked=552.00 MiB elapsed=6.97s
[realloc] iteration=70 current=560.00 MiB tracked=560.00 MiB elapsed=7.13s
[realloc] iteration=71 current=568.00 MiB tracked=568.00 MiB elapsed=7.28s
[realloc] iteration=72 current=576.00 MiB tracked=576.00 MiB elapsed=7.45s
[realloc] iteration=73 current=584.00 MiB tracked=584.00 MiB elapsed=7.61s
[realloc] iteration=74 current=592.00 MiB tracked=592.00 MiB elapsed=7.78s
[realloc] iteration=75 current=600.00 MiB tracked=600.00 MiB elapsed=7.94s
[realloc] iteration=76 current=608.00 MiB tracked=608.00 MiB elapsed=8.11s
[realloc] iteration=77 current=616.00 MiB tracked=616.00 MiB elapsed=8.28s
[realloc] iteration=78 current=624.00 MiB tracked=624.00 MiB elapsed=8.46s
[realloc] iteration=79 current=632.00 MiB tracked=632.00 MiB elapsed=8.63s
[realloc] iteration=80 current=640.00 MiB tracked=640.00 MiB elapsed=8.82s
[realloc] iteration=81 current=648.00 MiB tracked=648.00 MiB elapsed=9.00s
[realloc] iteration=82 current=656.00 MiB tracked=656.00 MiB elapsed=9.19s
[realloc] iteration=83 current=664.00 MiB tracked=664.00 MiB elapsed=9.37s
[realloc] iteration=84 current=672.00 MiB tracked=672.00 MiB elapsed=9.56s
[realloc] iteration=85 current=680.00 MiB tracked=680.00 MiB elapsed=9.76s
[realloc] iteration=86 current=688.00 MiB tracked=688.00 MiB elapsed=9.95s
[realloc] iteration=87 current=696.00 MiB tracked=696.00 MiB elapsed=10.15s
[realloc] iteration=88 current=704.00 MiB tracked=704.00 MiB elapsed=10.34s
[realloc] iteration=89 current=712.00 MiB tracked=712.00 MiB elapsed=10.54s
[realloc] iteration=90 current=720.00 MiB tracked=720.00 MiB elapsed=10.77s
[realloc] iteration=91 current=728.00 MiB tracked=728.00 MiB elapsed=10.99s
[realloc] iteration=92 current=736.00 MiB tracked=736.00 MiB elapsed=11.20s
[realloc] iteration=93 current=744.00 MiB tracked=744.00 MiB elapsed=11.41s
[realloc] iteration=94 current=752.00 MiB tracked=752.00 MiB elapsed=11.63s
[realloc] iteration=95 current=760.00 MiB tracked=760.00 MiB elapsed=11.86s
[realloc] iteration=96 current=768.00 MiB tracked=768.00 MiB elapsed=12.08s
[realloc] iteration=97 current=776.00 MiB tracked=776.00 MiB elapsed=12.30s
[realloc] iteration=98 current=784.00 MiB tracked=784.00 MiB elapsed=12.53s
[realloc] iteration=99 current=792.00 MiB tracked=792.00 MiB elapsed=12.77s
[realloc] iteration=100 current=800.00 MiB tracked=800.00 MiB elapsed=13.00s
[realloc] iteration=101 current=808.00 MiB tracked=808.00 MiB elapsed=13.23s
[realloc] iteration=102 current=816.00 MiB tracked=816.00 MiB elapsed=13.47s
[realloc] iteration=103 current=824.00 MiB tracked=824.00 MiB elapsed=13.70s
[realloc] iteration=104 current=832.00 MiB tracked=832.00 MiB elapsed=13.94s
[realloc] iteration=105 current=840.00 MiB tracked=840.00 MiB elapsed=14.19s
[realloc] iteration=106 current=848.00 MiB tracked=848.00 MiB elapsed=14.43s
[realloc] iteration=107 current=856.00 MiB tracked=856.00 MiB elapsed=14.72s
[realloc] iteration=108 current=864.00 MiB tracked=864.00 MiB elapsed=14.99s
[realloc] iteration=109 current=872.00 MiB tracked=872.00 MiB elapsed=15.24s
[realloc] iteration=110 current=880.00 MiB tracked=880.00 MiB elapsed=15.50s
[realloc] iteration=111 current=888.00 MiB tracked=888.00 MiB elapsed=15.76s
[realloc] iteration=112 current=896.00 MiB tracked=896.00 MiB elapsed=16.03s
[realloc] iteration=113 current=904.00 MiB tracked=904.00 MiB elapsed=16.29s
[realloc] iteration=114 current=912.00 MiB tracked=912.00 MiB elapsed=16.55s
[realloc] iteration=115 current=920.00 MiB tracked=920.00 MiB elapsed=16.82s
[realloc] iteration=116 current=928.00 MiB tracked=928.00 MiB elapsed=17.09s
[realloc] iteration=117 current=936.00 MiB tracked=936.00 MiB elapsed=17.35s
[realloc] iteration=118 current=944.00 MiB tracked=944.00 MiB elapsed=17.61s
[realloc] iteration=119 current=952.00 MiB tracked=952.00 MiB elapsed=17.88s
[realloc] iteration=120 current=960.00 MiB tracked=960.00 MiB elapsed=18.14s
[realloc] iteration=121 current=968.00 MiB tracked=968.00 MiB elapsed=18.41s
[realloc] iteration=122 current=976.00 MiB tracked=976.00 MiB elapsed=18.68s
[realloc] iteration=123 current=984.00 MiB tracked=984.00 MiB elapsed=19.00s
[realloc] iteration=124 current=992.00 MiB tracked=992.00 MiB elapsed=19.30s
[realloc] iteration=125 current=1000.00 MiB tracked=1000.00 MiB elapsed=19.56s
[realloc] iteration=126 current=1008.00 MiB tracked=1008.00 MiB elapsed=19.85s
[realloc] iteration=127 current=1016.00 MiB tracked=1016.00 MiB elapsed=20.13s
[realloc] iteration=128 current=1.00 GiB tracked=1.00 GiB elapsed=20.41s
[realloc] iteration=129 current=1.01 GiB tracked=1.01 GiB elapsed=20.70s
[realloc] iteration=130 current=1.02 GiB tracked=1.02 GiB elapsed=20.99s
[realloc] iteration=131 current=1.02 GiB tracked=1.02 GiB elapsed=21.28s
[realloc] iteration=132 current=1.03 GiB tracked=1.03 GiB elapsed=21.57s
[realloc] iteration=133 current=1.04 GiB tracked=1.04 GiB elapsed=21.87s
[realloc] iteration=134 current=1.05 GiB tracked=1.05 GiB elapsed=22.17s
[realloc] iteration=135 current=1.05 GiB tracked=1.05 GiB elapsed=22.46s
[realloc] iteration=136 current=1.06 GiB tracked=1.06 GiB elapsed=22.77s
[realloc] iteration=137 current=1.07 GiB tracked=1.07 GiB elapsed=23.07s
[realloc] iteration=138 current=1.08 GiB tracked=1.08 GiB elapsed=23.37s
[realloc] iteration=139 current=1.09 GiB tracked=1.09 GiB elapsed=23.67s
[realloc] iteration=140 current=1.09 GiB tracked=1.09 GiB elapsed=23.98s
[realloc] iteration=141 current=1.10 GiB tracked=1.10 GiB elapsed=24.29s
[realloc] iteration=142 current=1.11 GiB tracked=1.11 GiB elapsed=24.61s
[realloc] iteration=143 current=1.12 GiB tracked=1.12 GiB elapsed=24.93s
[realloc] iteration=144 current=1.12 GiB tracked=1.12 GiB elapsed=25.24s
[realloc] iteration=145 current=1.13 GiB tracked=1.13 GiB elapsed=25.55s
[realloc] iteration=146 current=1.14 GiB tracked=1.14 GiB elapsed=25.87s
[realloc] iteration=147 current=1.15 GiB tracked=1.15 GiB elapsed=26.20s
[realloc] iteration=148 current=1.16 GiB tracked=1.16 GiB elapsed=26.52s
[realloc] iteration=149 current=1.16 GiB tracked=1.16 GiB elapsed=26.85s
[realloc] iteration=150 current=1.17 GiB tracked=1.17 GiB elapsed=27.18s
[realloc] iteration=151 current=1.18 GiB tracked=1.18 GiB elapsed=27.52s
[realloc] iteration=152 current=1.19 GiB tracked=1.19 GiB elapsed=27.93s
[realloc] iteration=153 current=1.20 GiB tracked=1.20 GiB elapsed=28.35s
[realloc] iteration=154 current=1.20 GiB tracked=1.20 GiB elapsed=28.69s
[realloc] iteration=155 current=1.21 GiB tracked=1.21 GiB elapsed=29.03s
[realloc] iteration=156 current=1.22 GiB tracked=1.22 GiB elapsed=29.36s
[realloc] iteration=157 current=1.23 GiB tracked=1.23 GiB elapsed=29.70s
[realloc] iteration=158 current=1.23 GiB tracked=1.23 GiB elapsed=30.05s
[realloc] iteration=159 current=1.24 GiB tracked=1.24 GiB elapsed=30.41s
[realloc] iteration=160 current=1.25 GiB tracked=1.25 GiB elapsed=30.76s
[realloc] iteration=161 current=1.26 GiB tracked=1.26 GiB elapsed=31.12s
[realloc] iteration=162 current=1.27 GiB tracked=1.27 GiB elapsed=31.48s
[realloc] iteration=163 current=1.27 GiB tracked=1.27 GiB elapsed=31.83s
[realloc] iteration=164 current=1.28 GiB tracked=1.28 GiB elapsed=32.20s
[realloc] iteration=165 current=1.29 GiB tracked=1.29 GiB elapsed=32.57s
[realloc] iteration=166 current=1.30 GiB tracked=1.30 GiB elapsed=32.94s
[realloc] iteration=167 current=1.30 GiB tracked=1.30 GiB elapsed=33.30s
[realloc] iteration=168 current=1.31 GiB tracked=1.31 GiB elapsed=33.68s
[realloc] iteration=169 current=1.32 GiB tracked=1.32 GiB elapsed=34.06s
[realloc] iteration=170 current=1.33 GiB tracked=1.33 GiB elapsed=34.44s
[realloc] iteration=171 current=1.34 GiB tracked=1.34 GiB elapsed=34.81s
[realloc] iteration=172 current=1.34 GiB tracked=1.34 GiB elapsed=35.31s
[realloc] iteration=173 current=1.35 GiB tracked=1.35 GiB elapsed=35.77s
[realloc] iteration=174 current=1.36 GiB tracked=1.36 GiB elapsed=36.25s
[realloc] iteration=175 current=1.37 GiB tracked=1.37 GiB elapsed=36.67s
[realloc] iteration=176 current=1.38 GiB tracked=1.38 GiB elapsed=37.08s
[realloc] iteration=177 current=1.38 GiB tracked=1.38 GiB elapsed=37.53s
[realloc] iteration=178 current=1.39 GiB tracked=1.39 GiB elapsed=38.03s
[realloc] iteration=179 current=1.40 GiB tracked=1.40 GiB elapsed=38.53s
[realloc] iteration=180 current=1.41 GiB tracked=1.41 GiB elapsed=38.98s
[realloc] iteration=181 current=1.41 GiB tracked=1.41 GiB elapsed=39.40s
[realloc] iteration=182 current=1.42 GiB tracked=1.42 GiB elapsed=39.84s
[realloc] iteration=183 current=1.43 GiB tracked=1.43 GiB elapsed=40.28s
[realloc] iteration=184 current=1.44 GiB tracked=1.44 GiB elapsed=40.72s
[realloc] iteration=185 current=1.45 GiB tracked=1.45 GiB elapsed=41.14s
[realloc] iteration=186 current=1.45 GiB tracked=1.45 GiB elapsed=41.59s
[realloc] iteration=187 current=1.46 GiB tracked=1.46 GiB elapsed=42.04s
[realloc] iteration=188 current=1.47 GiB tracked=1.47 GiB elapsed=42.45s
[realloc] iteration=189 current=1.48 GiB tracked=1.48 GiB elapsed=42.88s
[realloc] iteration=190 current=1.48 GiB tracked=1.48 GiB elapsed=43.29s
[realloc] iteration=191 current=1.49 GiB tracked=1.49 GiB elapsed=43.73s
[realloc] iteration=192 current=1.50 GiB tracked=1.50 GiB elapsed=44.17s
[realloc] iteration=193 current=1.51 GiB tracked=1.51 GiB elapsed=44.61s
[realloc] iteration=194 current=1.52 GiB tracked=1.52 GiB elapsed=45.17s
[realloc] iteration=195 current=1.52 GiB tracked=1.52 GiB elapsed=45.67s
[realloc] iteration=196 current=1.53 GiB tracked=1.53 GiB elapsed=46.14s
[realloc] iteration=197 current=1.54 GiB tracked=1.54 GiB elapsed=46.60s
[realloc] iteration=198 current=1.55 GiB tracked=1.55 GiB elapsed=47.06s
[realloc] iteration=199 current=1.55 GiB tracked=1.55 GiB elapsed=47.51s
[realloc] iteration=200 current=1.56 GiB tracked=1.56 GiB elapsed=47.96s
[realloc] iteration=201 current=1.57 GiB tracked=1.57 GiB elapsed=48.40s
[realloc] iteration=202 current=1.58 GiB tracked=1.58 GiB elapsed=48.84s
[realloc] iteration=203 current=1.59 GiB tracked=1.59 GiB elapsed=49.31s
[realloc] iteration=204 current=1.59 GiB tracked=1.59 GiB elapsed=49.75s
[realloc] iteration=205 current=1.60 GiB tracked=1.60 GiB elapsed=50.20s
[realloc] iteration=206 current=1.61 GiB tracked=1.61 GiB elapsed=50.64s
[realloc] iteration=207 current=1.62 GiB tracked=1.62 GiB elapsed=51.09s
[realloc] iteration=208 current=1.62 GiB tracked=1.62 GiB elapsed=51.55s
[realloc] iteration=209 current=1.63 GiB tracked=1.63 GiB elapsed=52.01s
[realloc] iteration=210 current=1.64 GiB tracked=1.64 GiB elapsed=52.47s
[realloc] iteration=211 current=1.65 GiB tracked=1.65 GiB elapsed=52.94s
[realloc] iteration=212 current=1.66 GiB tracked=1.66 GiB elapsed=53.41s
[realloc] iteration=213 current=1.66 GiB tracked=1.66 GiB elapsed=53.89s
[realloc] iteration=214 current=1.67 GiB tracked=1.67 GiB elapsed=54.35s
[realloc] iteration=215 current=1.68 GiB tracked=1.68 GiB elapsed=54.81s
[realloc] iteration=216 current=1.69 GiB tracked=1.69 GiB elapsed=55.29s
[realloc] iteration=217 current=1.70 GiB tracked=1.70 GiB elapsed=55.77s
[realloc] iteration=218 current=1.70 GiB tracked=1.70 GiB elapsed=56.25s
[realloc] iteration=219 current=1.71 GiB tracked=1.71 GiB elapsed=56.73s
[realloc] iteration=220 current=1.72 GiB tracked=1.72 GiB elapsed=57.20s
[realloc] iteration=221 current=1.73 GiB tracked=1.73 GiB elapsed=57.69s
[realloc] iteration=222 current=1.73 GiB tracked=1.73 GiB elapsed=58.17s
[realloc] iteration=223 current=1.74 GiB tracked=1.74 GiB elapsed=58.65s
[realloc] iteration=224 current=1.75 GiB tracked=1.75 GiB elapsed=59.13s
[realloc] iteration=225 current=1.76 GiB tracked=1.76 GiB elapsed=59.62s
[realloc] iteration=226 current=1.77 GiB tracked=1.77 GiB elapsed=60.11s
[realloc] iteration=227 current=1.77 GiB tracked=1.77 GiB elapsed=60.59s
[realloc] iteration=228 current=1.78 GiB tracked=1.78 GiB elapsed=61.09s
[realloc] iteration=229 current=1.79 GiB tracked=1.79 GiB elapsed=61.59s
[realloc] iteration=230 current=1.80 GiB tracked=1.80 GiB elapsed=62.10s
[realloc] iteration=231 current=1.80 GiB tracked=1.80 GiB elapsed=62.60s
[realloc] iteration=232 current=1.81 GiB tracked=1.81 GiB elapsed=63.10s
[realloc] iteration=233 current=1.82 GiB tracked=1.82 GiB elapsed=63.61s
[realloc] iteration=234 current=1.83 GiB tracked=1.83 GiB elapsed=64.13s
[realloc] iteration=235 current=1.84 GiB tracked=1.84 GiB elapsed=64.65s
[realloc] iteration=236 current=1.84 GiB tracked=1.84 GiB elapsed=65.16s
[realloc] iteration=237 current=1.85 GiB tracked=1.85 GiB elapsed=65.68s
[realloc] iteration=238 current=1.86 GiB tracked=1.86 GiB elapsed=66.20s
[realloc] iteration=239 current=1.87 GiB tracked=1.87 GiB elapsed=66.72s
[realloc] iteration=240 current=1.88 GiB tracked=1.88 GiB elapsed=67.23s
[realloc] iteration=241 current=1.88 GiB tracked=1.88 GiB elapsed=67.75s
[realloc] iteration=242 current=1.89 GiB tracked=1.89 GiB elapsed=68.27s
[realloc] iteration=243 current=1.90 GiB tracked=1.90 GiB elapsed=68.84s
[realloc] iteration=244 current=1.91 GiB tracked=1.91 GiB elapsed=69.39s
[realloc] iteration=245 current=1.91 GiB tracked=1.91 GiB elapsed=70.03s
[realloc] iteration=246 current=1.92 GiB tracked=1.92 GiB elapsed=70.56s
[realloc] iteration=247 current=1.93 GiB tracked=1.93 GiB elapsed=71.12s
[realloc] iteration=248 current=1.94 GiB tracked=1.94 GiB elapsed=71.67s
[realloc] iteration=249 current=1.95 GiB tracked=1.95 GiB elapsed=72.21s
[realloc] iteration=250 current=1.95 GiB tracked=1.95 GiB elapsed=72.80s
[realloc] iteration=251 current=1.96 GiB tracked=1.96 GiB elapsed=73.33s
[realloc] iteration=252 current=1.97 GiB tracked=1.97 GiB elapsed=73.90s
[realloc] iteration=253 current=1.98 GiB tracked=1.98 GiB elapsed=74.47s
[realloc] iteration=254 current=1.98 GiB tracked=1.98 GiB elapsed=75.02s
[realloc] iteration=255 current=1.99 GiB tracked=1.99 GiB elapsed=75.58s
[realloc] iteration=256 current=2.00 GiB tracked=2.00 GiB elapsed=76.16s
[realloc] iteration=257 current=2.01 GiB tracked=2.01 GiB elapsed=76.71s
[realloc] iteration=258 current=2.02 GiB tracked=2.02 GiB elapsed=77.26s
[realloc] iteration=259 current=2.02 GiB tracked=2.02 GiB elapsed=77.82s
[realloc] iteration=260 current=2.03 GiB tracked=2.03 GiB elapsed=78.41s
[realloc] iteration=261 current=2.04 GiB tracked=2.04 GiB elapsed=79.05s
[realloc] iteration=262 current=2.05 GiB tracked=2.05 GiB elapsed=79.62s
[realloc] iteration=263 current=2.05 GiB tracked=2.05 GiB elapsed=80.19s
[realloc] iteration=264 current=2.06 GiB tracked=2.06 GiB elapsed=80.77s
[realloc] iteration=265 current=2.07 GiB tracked=2.07 GiB elapsed=81.35s
[realloc] iteration=266 current=2.08 GiB tracked=2.08 GiB elapsed=81.94s
[realloc] iteration=267 current=2.09 GiB tracked=2.09 GiB elapsed=82.53s
[realloc] iteration=268 current=2.09 GiB tracked=2.09 GiB elapsed=83.12s
[realloc] iteration=269 current=2.10 GiB tracked=2.10 GiB elapsed=83.70s
[realloc] iteration=270 current=2.11 GiB tracked=2.11 GiB elapsed=84.28s
[realloc] iteration=271 current=2.12 GiB tracked=2.12 GiB elapsed=84.87s
[realloc] iteration=272 current=2.12 GiB tracked=2.12 GiB elapsed=85.48s
[realloc] iteration=273 current=2.13 GiB tracked=2.13 GiB elapsed=86.08s
[realloc] iteration=274 current=2.14 GiB tracked=2.14 GiB elapsed=86.68s
[realloc] iteration=275 current=2.15 GiB tracked=2.15 GiB elapsed=87.35s
[realloc] iteration=276 current=2.16 GiB tracked=2.16 GiB elapsed=88.06s
[realloc] iteration=277 current=2.16 GiB tracked=2.16 GiB elapsed=88.81s
[realloc] iteration=278 current=2.17 GiB tracked=2.17 GiB elapsed=89.58s
[realloc] iteration=279 current=2.18 GiB tracked=2.18 GiB elapsed=90.29s
[realloc] iteration=280 current=2.19 GiB tracked=2.19 GiB elapsed=91.02s
[realloc] iteration=281 current=2.20 GiB tracked=2.20 GiB elapsed=91.75s
[realloc] iteration=282 current=2.20 GiB tracked=2.20 GiB elapsed=92.48s
[realloc] iteration=283 current=2.21 GiB tracked=2.21 GiB elapsed=93.18s
[realloc] iteration=284 current=2.22 GiB tracked=2.22 GiB elapsed=93.83s
[realloc] iteration=285 current=2.23 GiB tracked=2.23 GiB elapsed=94.50s
[realloc] iteration=286 current=2.23 GiB tracked=2.23 GiB elapsed=95.08s
[realloc] iteration=287 current=2.24 GiB tracked=2.24 GiB elapsed=95.79s
[realloc] iteration=288 current=2.25 GiB tracked=2.25 GiB elapsed=96.56s
[realloc] iteration=289 current=2.26 GiB tracked=2.26 GiB elapsed=97.71s
[realloc] iteration=290 current=2.27 GiB tracked=2.27 GiB elapsed=98.45s
[realloc] iteration=291 current=2.27 GiB tracked=2.27 GiB elapsed=99.14s
[realloc] iteration=292 current=2.28 GiB tracked=2.28 GiB elapsed=99.83s
[realloc] iteration=293 current=2.29 GiB tracked=2.29 GiB elapsed=100.44s
[realloc] iteration=294 current=2.30 GiB tracked=2.30 GiB elapsed=101.12s
[realloc] iteration=295 current=2.30 GiB tracked=2.30 GiB elapsed=101.82s
[realloc] iteration=296 current=2.31 GiB tracked=2.31 GiB elapsed=102.43s
[realloc] iteration=297 current=2.32 GiB tracked=2.32 GiB elapsed=103.18s
[realloc] iteration=298 current=2.33 GiB tracked=2.33 GiB elapsed=103.92s
[realloc] iteration=299 current=2.34 GiB tracked=2.34 GiB elapsed=104.64s
[realloc] iteration=300 current=2.34 GiB tracked=2.34 GiB elapsed=105.35s
[realloc] iteration=301 current=2.35 GiB tracked=2.35 GiB elapsed=106.16s
[realloc] iteration=302 current=2.36 GiB tracked=2.36 GiB elapsed=106.91s
[realloc] iteration=303 current=2.37 GiB tracked=2.37 GiB elapsed=107.62s
[realloc] iteration=304 current=2.38 GiB tracked=2.38 GiB elapsed=108.31s
[realloc] iteration=305 current=2.38 GiB tracked=2.38 GiB elapsed=109.03s
[realloc] iteration=306 current=2.39 GiB tracked=2.39 GiB elapsed=109.72s
[realloc] iteration=307 current=2.40 GiB tracked=2.40 GiB elapsed=110.42s
[realloc] iteration=308 current=2.41 GiB tracked=2.41 GiB elapsed=111.15s
[realloc] iteration=309 current=2.41 GiB tracked=2.41 GiB elapsed=111.86s
[realloc] iteration=310 current=2.42 GiB tracked=2.42 GiB elapsed=112.56s
[realloc] iteration=311 current=2.43 GiB tracked=2.43 GiB elapsed=113.27s
[realloc] iteration=312 current=2.44 GiB tracked=2.44 GiB elapsed=113.98s
[realloc] iteration=313 current=2.45 GiB tracked=2.45 GiB elapsed=114.68s
[realloc] iteration=314 current=2.45 GiB tracked=2.45 GiB elapsed=115.39s
[realloc] iteration=315 current=2.46 GiB tracked=2.46 GiB elapsed=116.10s
[realloc] iteration=316 current=2.47 GiB tracked=2.47 GiB elapsed=116.86s
[realloc] iteration=317 current=2.48 GiB tracked=2.48 GiB elapsed=117.50s
[realloc] iteration=318 current=2.48 GiB tracked=2.48 GiB elapsed=118.22s
[realloc] iteration=319 current=2.49 GiB tracked=2.49 GiB elapsed=118.94s
[realloc] iteration=320 current=2.50 GiB tracked=2.50 GiB elapsed=119.67s
[realloc] terminated by runner after 120s timeout
